// Vitest Snapshot v1, https://vitest.dev/guide/snapshot.html

exports[`effective cost and price per model — snapshot 1`] = `
{
  "acestep": {
    "cost": {
      "completionAudioSeconds": 0.0005,
    },
    "price": {
      "completionAudioSeconds": 0.0005,
    },
  },
  "claude-fable-5": {
    "cost": {
      "completionTextTokens": 0.00005,
      "promptCacheWriteTokens": 0.0000125,
      "promptCachedTokens": 0.000001,
      "promptTextTokens": 0.00001,
    },
    "price": {
      "completionTextTokens": 0.00005,
      "promptCacheWriteTokens": 0.0000125,
      "promptCachedTokens": 0.000001,
      "promptTextTokens": 0.00001,
    },
  },
  "claude-haiku-4.5": {
    "cost": {
      "completionTextTokens": 0.000005,
      "promptCacheWriteTokens": 0.00000125,
      "promptCachedTokens": 0.0000001,
      "promptTextTokens": 0.000001,
    },
    "price": {
      "completionTextTokens": 0.000005,
      "promptCacheWriteTokens": 0.00000125,
      "promptCachedTokens": 0.0000001,
      "promptTextTokens": 0.000001,
    },
  },
  "claude-opus-4.6": {
    "cost": {
      "completionTextTokens": 0.000025,
      "promptCacheWriteTokens": 0.00000625,
      "promptCachedTokens": 0.0000005,
      "promptTextTokens": 0.000005,
    },
    "price": {
      "completionTextTokens": 0.000025,
      "promptCacheWriteTokens": 0.00000625,
      "promptCachedTokens": 0.0000005,
      "promptTextTokens": 0.000005,
    },
  },
  "claude-opus-4.7": {
    "cost": {
      "completionTextTokens": 0.000025,
      "promptCacheWriteTokens": 0.00000625,
      "promptCachedTokens": 0.0000005,
      "promptTextTokens": 0.000005,
    },
    "price": {
      "completionTextTokens": 0.000025,
      "promptCacheWriteTokens": 0.00000625,
      "promptCachedTokens": 0.0000005,
      "promptTextTokens": 0.000005,
    },
  },
  "claude-opus-4.8": {
    "cost": {
      "completionTextTokens": 0.000025,
      "promptCacheWriteTokens": 0.00000625,
      "promptCachedTokens": 0.0000005,
      "promptTextTokens": 0.000005,
    },
    "price": {
      "completionTextTokens": 0.000025,
      "promptCacheWriteTokens": 0.00000625,
      "promptCachedTokens": 0.0000005,
      "promptTextTokens": 0.000005,
    },
  },
  "claude-sonnet-4.6": {
    "cost": {
      "completionTextTokens": 0.000015,
      "promptCacheWriteTokens": 0.00000375,
      "promptCachedTokens": 0.0000003,
      "promptTextTokens": 0.000003,
    },
    "price": {
      "completionTextTokens": 0.000015,
      "promptCacheWriteTokens": 0.00000375,
      "promptCachedTokens": 0.0000003,
      "promptTextTokens": 0.000003,
    },
  },
  "claude-sonnet-5": {
    "cost": {
      "completionTextTokens": 0.00001,
      "promptCacheWriteTokens": 0.0000025,
      "promptCachedTokens": 0.0000002,
      "promptTextTokens": 0.000002,
    },
    "price": {
      "completionTextTokens": 0.00001,
      "promptCacheWriteTokens": 0.0000025,
      "promptCachedTokens": 0.0000002,
      "promptTextTokens": 0.000002,
    },
  },
  "cohere-embed-v4": {
    "cost": {
      "promptTextTokens": 0.00000012,
    },
    "price": {
      "promptTextTokens": 0.00000009,
    },
  },
  "deepseek-v4-flash": {
    "cost": {
      "completionTextTokens": 0.00000028,
      "promptCachedTokens": 0.00000003,
      "promptTextTokens": 0.00000014,
    },
    "price": {
      "completionTextTokens": 0.00000028,
      "promptCachedTokens": 0.00000003,
      "promptTextTokens": 0.00000014,
    },
  },
  "deepseek-v4-pro": {
    "cost": {
      "completionTextTokens": 0.00000348,
      "promptCachedTokens": 0.00000014,
      "promptTextTokens": 0.00000174,
    },
    "price": {
      "completionTextTokens": 0.00000348,
      "promptCachedTokens": 0.00000014,
      "promptTextTokens": 0.00000174,
    },
  },
  "eleven-flash-v2.5": {
    "cost": {
      "completionAudioTokens": 0.00005,
    },
    "price": {
      "completionAudioTokens": 0.00005,
    },
  },
  "eleven-multilingual-v2": {
    "cost": {
      "completionAudioTokens": 0.0001,
    },
    "price": {
      "completionAudioTokens": 0.0001,
    },
  },
  "eleven-music": {
    "cost": {
      "completionAudioSeconds": 0.0025,
    },
    "price": {
      "completionAudioSeconds": 0.0025,
    },
  },
  "eleven-sfx": {
    "cost": {
      "completionAudioSeconds": 0.002,
    },
    "price": {
      "completionAudioSeconds": 0.002,
    },
  },
  "eleven-v3": {
    "cost": {
      "completionAudioTokens": 0.0001,
    },
    "price": {
      "completionAudioTokens": 0.0001,
    },
  },
  "flux-klein": {
    "cost": {
      "completionImageTokens": 0.01,
    },
    "price": {
      "completionImageTokens": 0.01,
    },
  },
  "flux-kontext": {
    "cost": {
      "completionImageTokens": 0.04,
    },
    "price": {
      "completionImageTokens": 0.04,
    },
  },
  "flux-schnell": {
    "cost": {
      "completionImageTokens": 0.0014,
    },
    "price": {
      "completionImageTokens": 0.00175,
    },
  },
  "gemini-2.5-flash-lite": {
    "cost": {
      "completionTextTokens": 0.0000004,
      "promptAudioTokens": 0.0000003,
      "promptCacheWriteTokens": 0.0000001,
      "promptCachedTokens": 0.00000001,
      "promptTextTokens": 0.0000001,
    },
    "price": {
      "completionTextTokens": 0.0000004,
      "promptAudioTokens": 0.0000003,
      "promptCacheWriteTokens": 0.0000001,
      "promptCachedTokens": 0.00000001,
      "promptTextTokens": 0.0000001,
    },
  },
  "gemini-2.5-flash-lite-search": {
    "cost": {
      "completionTextTokens": 0.0000004,
      "promptAudioTokens": 0.0000003,
      "promptCacheWriteTokens": 0.0000001,
      "promptCachedTokens": 0.00000001,
      "promptTextTokens": 0.0000001,
    },
    "price": {
      "completionTextTokens": 0.0000004,
      "promptAudioTokens": 0.0000003,
      "promptCacheWriteTokens": 0.0000001,
      "promptCachedTokens": 0.00000001,
      "promptTextTokens": 0.0000001,
    },
  },
  "gemini-3-flash": {
    "cost": {
      "completionTextTokens": 0.000003,
      "promptAudioTokens": 0.000001,
      "promptCacheWriteTokens": 0.0000005,
      "promptCachedTokens": 0.00000005,
      "promptTextTokens": 0.0000005,
    },
    "price": {
      "completionTextTokens": 0.000003,
      "promptAudioTokens": 0.000001,
      "promptCacheWriteTokens": 0.0000005,
      "promptCachedTokens": 0.00000005,
      "promptTextTokens": 0.0000005,
    },
  },
  "gemini-3.1-flash-lite": {
    "cost": {
      "completionTextTokens": 0.0000015,
      "promptAudioTokens": 0.0000005,
      "promptCacheWriteTokens": 0.00000025,
      "promptCachedTokens": 0.000000025,
      "promptTextTokens": 0.00000025,
    },
    "price": {
      "completionTextTokens": 0.0000015,
      "promptAudioTokens": 0.0000005,
      "promptCacheWriteTokens": 0.00000025,
      "promptCachedTokens": 0.000000025,
      "promptTextTokens": 0.00000025,
    },
  },
  "gemini-3.1-flash-lite-search": {
    "cost": {
      "completionTextTokens": 0.0000015,
      "promptAudioTokens": 0.0000005,
      "promptCacheWriteTokens": 0.00000025,
      "promptCachedTokens": 0.000000025,
      "promptTextTokens": 0.00000025,
    },
    "price": {
      "completionTextTokens": 0.0000015,
      "promptAudioTokens": 0.0000005,
      "promptCacheWriteTokens": 0.00000025,
      "promptCachedTokens": 0.000000025,
      "promptTextTokens": 0.00000025,
    },
  },
  "gemini-3.1-pro": {
    "cost": {
      "completionTextTokens": 0.000012,
      "promptAudioTokens": 0.000002,
      "promptCacheWriteTokens": 0.000002,
      "promptCachedTokens": 0.0000002,
      "promptImageTokens": 0.000002,
      "promptTextTokens": 0.000002,
      "promptVideoTokens": 0.000002,
    },
    "price": {
      "completionTextTokens": 0.000012,
      "promptAudioTokens": 0.000002,
      "promptCacheWriteTokens": 0.000002,
      "promptCachedTokens": 0.0000002,
      "promptImageTokens": 0.000002,
      "promptTextTokens": 0.000002,
      "promptVideoTokens": 0.000002,
    },
  },
  "gemini-3.5-flash": {
    "cost": {
      "completionTextTokens": 0.000009,
      "promptAudioTokens": 0.0000015,
      "promptCacheWriteTokens": 0.0000015,
      "promptCachedTokens": 0.00000015,
      "promptTextTokens": 0.0000015,
    },
    "price": {
      "completionTextTokens": 0.000009,
      "promptAudioTokens": 0.0000015,
      "promptCacheWriteTokens": 0.0000015,
      "promptCachedTokens": 0.00000015,
      "promptTextTokens": 0.0000015,
    },
  },
  "gemini-3.5-flash-search": {
    "cost": {
      "completionTextTokens": 0.000009,
      "promptAudioTokens": 0.0000015,
      "promptCacheWriteTokens": 0.0000015,
      "promptCachedTokens": 0.00000015,
      "promptTextTokens": 0.0000015,
    },
    "price": {
      "completionTextTokens": 0.000009,
      "promptAudioTokens": 0.0000015,
      "promptCacheWriteTokens": 0.0000015,
      "promptCachedTokens": 0.00000015,
      "promptTextTokens": 0.0000015,
    },
  },
  "gemini-embedding-2": {
    "cost": {
      "promptAudioTokens": 0.0000065,
      "promptImageTokens": 0.00000045,
      "promptTextTokens": 0.0000002,
      "promptVideoTokens": 0.000012,
    },
    "price": {
      "promptAudioTokens": 0.0000065,
      "promptImageTokens": 0.00000045,
      "promptTextTokens": 0.0000002,
      "promptVideoTokens": 0.000012,
    },
  },
  "gemma-4-26b": {
    "cost": {
      "completionTextTokens": 0.00000033,
      "promptTextTokens": 0.00000006,
    },
    "price": {
      "completionTextTokens": 0.00000033,
      "promptTextTokens": 0.00000006,
    },
  },
  "glm-5.2": {
    "cost": {
      "completionTextTokens": 0.0000044,
      "promptCachedTokens": 0.00000014,
      "promptTextTokens": 0.0000014,
    },
    "price": {
      "completionTextTokens": 0.0000044,
      "promptCachedTokens": 0.00000014,
      "promptTextTokens": 0.0000014,
    },
  },
  "gpt-5-nano": {
    "cost": {
      "completionTextTokens": 0.0000004,
      "promptCachedTokens": 0.000000005,
      "promptTextTokens": 0.00000005,
    },
    "price": {
      "completionTextTokens": 0.0000003,
      "promptCachedTokens": 0.00000000375,
      "promptTextTokens": 0.0000000375,
    },
  },
  "gpt-5.4": {
    "cost": {
      "completionTextTokens": 0.000015,
      "promptCachedTokens": 0.00000025,
      "promptTextTokens": 0.0000025,
    },
    "price": {
      "completionTextTokens": 0.000015,
      "promptCachedTokens": 0.00000025,
      "promptTextTokens": 0.0000025,
    },
  },
  "gpt-5.4-mini": {
    "cost": {
      "completionTextTokens": 0.0000045,
      "promptCachedTokens": 0.000000075,
      "promptTextTokens": 0.00000075,
    },
    "price": {
      "completionTextTokens": 0.000003375,
      "promptCachedTokens": 0.00000005625,
      "promptTextTokens": 0.0000005625,
    },
  },
  "gpt-5.4-nano": {
    "cost": {
      "completionTextTokens": 0.00000125,
      "promptCachedTokens": 0.00000002,
      "promptTextTokens": 0.0000002,
    },
    "price": {
      "completionTextTokens": 0.0000009375,
      "promptCachedTokens": 0.000000015,
      "promptTextTokens": 0.00000015,
    },
  },
  "gpt-5.5": {
    "cost": {
      "completionTextTokens": 0.00003,
      "promptCachedTokens": 0.0000005,
      "promptTextTokens": 0.000005,
    },
    "price": {
      "completionTextTokens": 0.00003,
      "promptCachedTokens": 0.0000005,
      "promptTextTokens": 0.000005,
    },
  },
  "gpt-5.6-luna": {
    "cost": {
      "completionTextTokens": 0.000006,
      "promptCacheWriteTokens": 0.00000125,
      "promptCachedTokens": 0.0000001,
      "promptTextTokens": 0.000001,
    },
    "price": {
      "completionTextTokens": 0.0000045,
      "promptCacheWriteTokens": 0.0000009375,
      "promptCachedTokens": 0.000000075,
      "promptTextTokens": 0.00000075,
    },
  },
  "gpt-5.6-sol": {
    "cost": {
      "completionTextTokens": 0.00003,
      "promptCacheWriteTokens": 0.00000625,
      "promptCachedTokens": 0.0000005,
      "promptTextTokens": 0.000005,
    },
    "price": {
      "completionTextTokens": 0.0000225,
      "promptCacheWriteTokens": 0.0000046875,
      "promptCachedTokens": 0.000000375,
      "promptTextTokens": 0.00000375,
    },
  },
  "gpt-5.6-terra": {
    "cost": {
      "completionTextTokens": 0.000015,
      "promptCacheWriteTokens": 0.000003125,
      "promptCachedTokens": 0.00000025,
      "promptTextTokens": 0.0000025,
    },
    "price": {
      "completionTextTokens": 0.00001125,
      "promptCacheWriteTokens": 0.00000234375,
      "promptCachedTokens": 0.0000001875,
      "promptTextTokens": 0.000001875,
    },
  },
  "gpt-audio-1.5": {
    "cost": {
      "completionAudioTokens": 0.00008,
      "completionTextTokens": 0.00001,
      "promptAudioTokens": 0.00004,
      "promptTextTokens": 0.0000025,
    },
    "price": {
      "completionAudioTokens": 0.00008,
      "completionTextTokens": 0.00001,
      "promptAudioTokens": 0.00004,
      "promptTextTokens": 0.0000025,
    },
  },
  "gpt-audio-mini": {
    "cost": {
      "completionAudioTokens": 0.00002,
      "completionTextTokens": 0.0000024,
      "promptAudioTokens": 0.00001,
      "promptTextTokens": 0.0000006,
    },
    "price": {
      "completionAudioTokens": 0.00002,
      "completionTextTokens": 0.0000024,
      "promptAudioTokens": 0.00001,
      "promptTextTokens": 0.0000006,
    },
  },
  "gpt-image-1-mini": {
    "cost": {
      "completionImageTokens": 0.000008,
      "promptCachedTokens": 0.0000002,
      "promptImageTokens": 0.0000025,
      "promptTextTokens": 0.000002,
    },
    "price": {
      "completionImageTokens": 0.000006,
      "promptCachedTokens": 0.00000015,
      "promptImageTokens": 0.000001875,
      "promptTextTokens": 0.0000015,
    },
  },
  "gpt-image-1.5": {
    "cost": {
      "completionImageTokens": 0.000032,
      "completionTextTokens": 0.00001,
      "promptCachedTokens": 0.00000125,
      "promptImageTokens": 0.000008,
      "promptTextTokens": 0.000005,
    },
    "price": {
      "completionImageTokens": 0.000032,
      "completionTextTokens": 0.00001,
      "promptCachedTokens": 0.00000125,
      "promptImageTokens": 0.000008,
      "promptTextTokens": 0.000005,
    },
  },
  "gpt-image-2": {
    "cost": {
      "completionImageTokens": 0.00003,
      "promptCachedTokens": 0.00000125,
      "promptImageTokens": 0.000008,
      "promptTextTokens": 0.000005,
    },
    "price": {
      "completionImageTokens": 0.00003,
      "promptCachedTokens": 0.00000125,
      "promptImageTokens": 0.000008,
      "promptTextTokens": 0.000005,
    },
  },
  "gpt-realtime-2": {
    "cost": {
      "completionAudioTokens": 0.000064,
      "completionTextTokens": 0.000024,
      "promptAudioTokens": 0.000032,
      "promptCachedTokens": 0.0000004,
      "promptImageTokens": 0.000005,
      "promptTextTokens": 0.000004,
    },
    "price": {
      "completionAudioTokens": 0.000064,
      "completionTextTokens": 0.000024,
      "promptAudioTokens": 0.000032,
      "promptCachedTokens": 0.0000004,
      "promptImageTokens": 0.000005,
      "promptTextTokens": 0.000004,
    },
  },
  "grok-4.20": {
    "cost": {
      "completionTextTokens": 0.000006,
      "promptCachedTokens": 0.0000002,
      "promptImageTokens": 0.000002,
      "promptTextTokens": 0.000002,
    },
    "price": {
      "completionTextTokens": 0.000006,
      "promptCachedTokens": 0.0000002,
      "promptImageTokens": 0.000002,
      "promptTextTokens": 0.000002,
    },
  },
  "grok-4.20-reasoning": {
    "cost": {
      "completionTextTokens": 0.000006,
      "promptCachedTokens": 0.0000002,
      "promptImageTokens": 0.000002,
      "promptTextTokens": 0.000002,
    },
    "price": {
      "completionTextTokens": 0.000006,
      "promptCachedTokens": 0.0000002,
      "promptImageTokens": 0.000002,
      "promptTextTokens": 0.000002,
    },
  },
  "grok-4.3": {
    "cost": {
      "completionTextTokens": 0.0000025,
      "promptCachedTokens": 0.0000002,
      "promptImageTokens": 0.00000125,
      "promptTextTokens": 0.00000125,
    },
    "price": {
      "completionTextTokens": 0.0000025,
      "promptCachedTokens": 0.0000002,
      "promptImageTokens": 0.00000125,
      "promptTextTokens": 0.00000125,
    },
  },
  "grok-imagine": {
    "cost": {
      "completionImageTokens": 0.02,
      "promptImageTokens": 0.002,
    },
    "price": {
      "completionImageTokens": 0.02,
      "promptImageTokens": 0.002,
    },
  },
  "grok-imagine-pro": {
    "cost": {
      "completionImageTokens": 0.05,
      "promptImageTokens": 0.01,
    },
    "price": {
      "completionImageTokens": 0.05,
      "promptImageTokens": 0.01,
    },
  },
  "grok-video-pro": {
    "cost": {
      "completionVideoSeconds": 0.07,
      "promptImageTokens": 0.002,
    },
    "price": {
      "completionVideoSeconds": 0.07,
      "promptImageTokens": 0.002,
    },
  },
  "hyper3d-rodin": {
    "cost": {
      "completionImageTokens": 0.1,
    },
    "price": {
      "completionImageTokens": 0.1,
    },
  },
  "ideogram-v4-balanced": {
    "cost": {
      "completionImageTokens": 0.06,
    },
    "price": {
      "completionImageTokens": 0.06,
    },
  },
  "ideogram-v4-quality": {
    "cost": {
      "completionImageTokens": 0.1,
    },
    "price": {
      "completionImageTokens": 0.1,
    },
  },
  "ideogram-v4-turbo": {
    "cost": {
      "completionImageTokens": 0.03,
    },
    "price": {
      "completionImageTokens": 0.03,
    },
  },
  "kimi-k2.6": {
    "cost": {
      "completionTextTokens": 0.000004,
      "promptCachedTokens": 0.00000016,
      "promptTextTokens": 0.00000095,
    },
    "price": {
      "completionTextTokens": 0.000004,
      "promptCachedTokens": 0.00000016,
      "promptTextTokens": 0.00000095,
    },
  },
  "kimi-k2.7-code": {
    "cost": {
      "completionTextTokens": 0.000004,
      "promptCachedTokens": 0.00000019,
      "promptTextTokens": 0.00000095,
    },
    "price": {
      "completionTextTokens": 0.000004,
      "promptCachedTokens": 0.00000019,
      "promptTextTokens": 0.00000095,
    },
  },
  "llama-3.3-70b": {
    "cost": {
      "completionTextTokens": 0.00000071,
      "promptTextTokens": 0.00000071,
    },
    "price": {
      "completionTextTokens": 0.0000005325,
      "promptTextTokens": 0.0000005325,
    },
  },
  "llama-4-maverick": {
    "cost": {
      "completionTextTokens": 0.000001,
      "promptTextTokens": 0.00000025,
    },
    "price": {
      "completionTextTokens": 0.00000075,
      "promptTextTokens": 0.0000001875,
    },
  },
  "llama-4-scout": {
    "cost": {
      "completionTextTokens": 0.0000003,
      "promptTextTokens": 0.0000001,
    },
    "price": {
      "completionTextTokens": 0.0000003,
      "promptTextTokens": 0.0000001,
    },
  },
  "ltx-2.3": {
    "cost": {
      "completionVideoSeconds": 0.005,
    },
    "price": {
      "completionVideoSeconds": 0.005,
    },
  },
  "mercury-2": {
    "cost": {
      "completionTextTokens": 0.00000075,
      "promptCachedTokens": 0.000000025,
      "promptTextTokens": 0.00000025,
    },
    "price": {
      "completionTextTokens": 0.00000075,
      "promptCachedTokens": 0.000000025,
      "promptTextTokens": 0.00000025,
    },
  },
  "midijourney": {
    "cost": {
      "completionTextTokens": 0.0000045,
      "promptCachedTokens": 0.000000075,
      "promptTextTokens": 0.00000075,
    },
    "price": {
      "completionTextTokens": 0.000003375,
      "promptCachedTokens": 0.00000005625,
      "promptTextTokens": 0.0000005625,
    },
  },
  "midijourney-large": {
    "cost": {
      "completionTextTokens": 0.00003,
      "promptCachedTokens": 0.0000005,
      "promptTextTokens": 0.000005,
    },
    "price": {
      "completionTextTokens": 0.00003,
      "promptCachedTokens": 0.0000005,
      "promptTextTokens": 0.000005,
    },
  },
  "minimax-m2.7": {
    "cost": {
      "completionTextTokens": 0.0000012,
      "promptCachedTokens": 0.00000006,
      "promptTextTokens": 0.0000003,
    },
    "price": {
      "completionTextTokens": 0.0000012,
      "promptCachedTokens": 0.00000006,
      "promptTextTokens": 0.0000003,
    },
  },
  "minimax-m3": {
    "cost": {
      "completionTextTokens": 0.0000012,
      "promptCachedTokens": 0.00000006,
      "promptTextTokens": 0.0000003,
    },
    "price": {
      "completionTextTokens": 0.0000012,
      "promptCachedTokens": 0.00000006,
      "promptTextTokens": 0.0000003,
    },
  },
  "mistral-large-3": {
    "cost": {
      "completionTextTokens": 0.0000015,
      "promptCachedTokens": 0.00000005,
      "promptTextTokens": 0.0000005,
    },
    "price": {
      "completionTextTokens": 0.000001125,
      "promptCachedTokens": 0.0000000375,
      "promptTextTokens": 0.000000375,
    },
  },
  "mistral-small-3.2": {
    "cost": {
      "completionTextTokens": 0.0000002,
      "promptTextTokens": 0.000000075,
    },
    "price": {
      "completionTextTokens": 0.0000002,
      "promptTextTokens": 0.000000075,
    },
  },
  "mistral-small-4": {
    "cost": {
      "completionTextTokens": 0.0000006,
      "promptCachedTokens": 0.000000015,
      "promptTextTokens": 0.00000015,
    },
    "price": {
      "completionTextTokens": 0.0000006,
      "promptCachedTokens": 0.000000015,
      "promptTextTokens": 0.00000015,
    },
  },
  "muse-spark-1.1": {
    "cost": {
      "completionTextTokens": 0.00000425,
      "promptCachedTokens": 0.00000015,
      "promptTextTokens": 0.00000125,
    },
    "price": {
      "completionTextTokens": 0.00000425,
      "promptCachedTokens": 0.00000015,
      "promptTextTokens": 0.00000125,
    },
  },
  "nanobanana": {
    "cost": {
      "completionImageTokens": 0.00003,
      "completionTextTokens": 0.0000025,
      "promptImageTokens": 0.0000003,
      "promptTextTokens": 0.0000003,
    },
    "price": {
      "completionImageTokens": 0.00003,
      "completionTextTokens": 0.0000025,
      "promptImageTokens": 0.0000003,
      "promptTextTokens": 0.0000003,
    },
  },
  "nanobanana-2": {
    "cost": {
      "completionImageTokens": 0.00006,
      "completionTextTokens": 0.000003,
      "promptImageTokens": 0.0000005,
      "promptTextTokens": 0.0000005,
    },
    "price": {
      "completionImageTokens": 0.00006,
      "completionTextTokens": 0.000003,
      "promptImageTokens": 0.0000005,
      "promptTextTokens": 0.0000005,
    },
  },
  "nanobanana-2-lite": {
    "cost": {
      "completionImageTokens": 0.00003,
      "completionTextTokens": 0.0000015,
      "promptImageTokens": 0.00000025,
      "promptTextTokens": 0.00000025,
    },
    "price": {
      "completionImageTokens": 0.00003,
      "completionTextTokens": 0.0000015,
      "promptImageTokens": 0.00000025,
      "promptTextTokens": 0.00000025,
    },
  },
  "nanobanana-pro": {
    "cost": {
      "completionImageTokens": 0.00012,
      "completionTextTokens": 0.000012,
      "promptImageTokens": 0.000002,
      "promptTextTokens": 0.000002,
    },
    "price": {
      "completionImageTokens": 0.00012,
      "completionTextTokens": 0.000012,
      "promptImageTokens": 0.000002,
      "promptTextTokens": 0.000002,
    },
  },
  "nova-2-lite": {
    "cost": {
      "completionTextTokens": 0.00000275,
      "promptCacheWriteTokens": 0,
      "promptCachedTokens": 0.0000000825,
      "promptTextTokens": 0.00000033,
    },
    "price": {
      "completionTextTokens": 0.00000275,
      "promptCacheWriteTokens": 0,
      "promptCachedTokens": 0.0000000825,
      "promptTextTokens": 0.00000033,
    },
  },
  "nova-canvas": {
    "cost": {
      "completionImageTokens": 0.04,
    },
    "price": {
      "completionImageTokens": 0.04,
    },
  },
  "nova-micro": {
    "cost": {
      "completionTextTokens": 0.00000014,
      "promptCacheWriteTokens": 0,
      "promptCachedTokens": 0.00000000875,
      "promptTextTokens": 0.000000035,
    },
    "price": {
      "completionTextTokens": 0.00000014,
      "promptCacheWriteTokens": 0,
      "promptCachedTokens": 0.00000000875,
      "promptTextTokens": 0.000000035,
    },
  },
  "nova-reel": {
    "cost": {
      "completionVideoSeconds": 0.08,
    },
    "price": {
      "completionVideoSeconds": 0.08,
    },
  },
  "p-image": {
    "cost": {
      "completionImageTokens": 0.005,
    },
    "price": {
      "completionImageTokens": 0.005,
    },
  },
  "p-image-edit": {
    "cost": {
      "completionImageTokens": 0.01,
    },
    "price": {
      "completionImageTokens": 0.01,
    },
  },
  "p-video-1080p": {
    "cost": {
      "completionVideoSeconds": 0.04,
    },
    "price": {
      "completionVideoSeconds": 0.04,
    },
  },
  "p-video-720p": {
    "cost": {
      "completionVideoSeconds": 0.02,
    },
    "price": {
      "completionVideoSeconds": 0.02,
    },
  },
  "polly": {
    "cost": {
      "completionTextTokens": 0,
      "promptTextTokens": 0,
    },
    "price": {
      "completionTextTokens": 0,
      "promptTextTokens": 0,
    },
  },
  "qwen-image-plus": {
    "cost": {
      "completionImageTokens": 0.03,
    },
    "price": {
      "completionImageTokens": 0.03,
    },
  },
  "qwen3-coder": {
    "cost": {
      "completionTextTokens": 0.00000022,
      "promptTextTokens": 0.00000006,
    },
    "price": {
      "completionTextTokens": 0.00000022,
      "promptTextTokens": 0.00000006,
    },
  },
  "qwen3-coder-next": {
    "cost": {
      "completionTextTokens": 0.0000008,
      "promptCachedTokens": 0.00000007,
      "promptTextTokens": 0.00000011,
    },
    "price": {
      "completionTextTokens": 0.0000008,
      "promptCachedTokens": 0.00000007,
      "promptTextTokens": 0.00000011,
    },
  },
  "qwen3-embedding-8b": {
    "cost": {
      "promptTextTokens": 0.0000001,
    },
    "price": {
      "promptTextTokens": 0.0000001,
    },
  },
  "qwen3-tts-flash": {
    "cost": {
      "completionAudioTokens": 0.00001,
    },
    "price": {
      "completionAudioTokens": 0.00001,
    },
  },
  "qwen3-tts-instruct": {
    "cost": {
      "completionAudioTokens": 0.0000115,
    },
    "price": {
      "completionAudioTokens": 0.0000115,
    },
  },
  "qwen3-vl-235b": {
    "cost": {
      "completionTextTokens": 0.0000026,
      "promptTextTokens": 0.00000026,
    },
    "price": {
      "completionTextTokens": 0.0000026,
      "promptTextTokens": 0.00000026,
    },
  },
  "qwen3-vl-30b": {
    "cost": {
      "completionTextTokens": 0.00000052,
      "promptTextTokens": 0.00000013,
    },
    "price": {
      "completionTextTokens": 0.00000052,
      "promptTextTokens": 0.00000013,
    },
  },
  "qwen3.7-plus": {
    "cost": {
      "completionTextTokens": 0.0000016,
      "promptCachedTokens": 0.00000008,
      "promptTextTokens": 0.0000004,
    },
    "price": {
      "completionTextTokens": 0.0000016,
      "promptCachedTokens": 0.00000008,
      "promptTextTokens": 0.0000004,
    },
  },
  "qwen3guard": {
    "cost": {
      "completionTextTokens": 0.00000001,
      "promptTextTokens": 0.00000001,
    },
    "price": {
      "completionTextTokens": 0.00000001,
      "promptTextTokens": 0.00000001,
    },
  },
  "scribe-v2": {
    "cost": {
      "promptAudioSeconds": 0.0000611111111111111,
    },
    "price": {
      "promptAudioSeconds": 0.0000611111111111111,
    },
  },
  "seedance-2.0": {
    "cost": {
      "completionVideoSeconds": 0.18,
    },
    "price": {
      "completionVideoSeconds": 0.18,
    },
  },
  "seedance-pro": {
    "cost": {
      "completionVideoSeconds": 0.025,
    },
    "price": {
      "completionVideoSeconds": 0.025,
    },
  },
  "seedream-4": {
    "cost": {
      "completionImageTokens": 0.03,
    },
    "price": {
      "completionImageTokens": 0.03,
    },
  },
  "seedream-4.5-pro": {
    "cost": {
      "completionImageTokens": 0.04,
    },
    "price": {
      "completionImageTokens": 0.04,
    },
  },
  "seedream-5-lite": {
    "cost": {
      "completionImageTokens": 0.035,
    },
    "price": {
      "completionImageTokens": 0.035,
    },
  },
  "seedream-5-pro": {
    "cost": {
      "completionImageTokens": 0.09,
    },
    "price": {
      "completionImageTokens": 0.09,
    },
  },
  "sonar": {
    "cost": {
      "completionTextTokens": 0.000001,
      "promptTextTokens": 0.000001,
    },
    "price": {
      "completionTextTokens": 0.000001,
      "promptTextTokens": 0.000001,
    },
  },
  "sonar-deep": {
    "cost": {
      "completionTextTokens": 0.000001,
      "promptTextTokens": 0.000001,
    },
    "price": {
      "completionTextTokens": 0.000001,
      "promptTextTokens": 0.000001,
    },
  },
  "sonar-pro": {
    "cost": {
      "completionTextTokens": 0.000015,
      "promptTextTokens": 0.000003,
    },
    "price": {
      "completionTextTokens": 0.000015,
      "promptTextTokens": 0.000003,
    },
  },
  "sonar-reasoning-pro": {
    "cost": {
      "completionTextTokens": 0.000008,
      "promptTextTokens": 0.000002,
    },
    "price": {
      "completionTextTokens": 0.000008,
      "promptTextTokens": 0.000002,
    },
  },
  "stable-audio-3-large": {
    "cost": {
      "completionAudioTokens": 0.26,
    },
    "price": {
      "completionAudioTokens": 0.26,
    },
  },
  "stable-audio-3-medium": {
    "cost": {
      "completionAudioTokens": 0.0376,
      "promptAudioTokens": 0.0041,
    },
    "price": {
      "completionAudioTokens": 0.0376,
      "promptAudioTokens": 0.0041,
    },
  },
  "step-3.5-flash": {
    "cost": {
      "completionTextTokens": 0.0000003,
      "promptTextTokens": 0.0000001,
    },
    "price": {
      "completionTextTokens": 0.0000003,
      "promptTextTokens": 0.0000001,
    },
  },
  "step-3.7-flash": {
    "cost": {
      "completionTextTokens": 0.00000115,
      "promptCachedTokens": 0.00000004,
      "promptTextTokens": 0.0000002,
    },
    "price": {
      "completionTextTokens": 0.00000115,
      "promptCachedTokens": 0.00000004,
      "promptTextTokens": 0.0000002,
    },
  },
  "text-embedding-3-large": {
    "cost": {
      "promptTextTokens": 0.00000013,
    },
    "price": {
      "promptTextTokens": 0.00000013,
    },
  },
  "text-embedding-3-small": {
    "cost": {
      "promptTextTokens": 0.00000002,
    },
    "price": {
      "promptTextTokens": 0.00000002,
    },
  },
  "trellis-2-high": {
    "cost": {
      "completionImageTokens": 0.35,
    },
    "price": {
      "completionImageTokens": 0.35,
    },
  },
  "trellis-2-low": {
    "cost": {
      "completionImageTokens": 0.24,
    },
    "price": {
      "completionImageTokens": 0.24,
    },
  },
  "trellis-2-medium": {
    "cost": {
      "completionImageTokens": 0.29,
    },
    "price": {
      "completionImageTokens": 0.29,
    },
  },
  "universal-2": {
    "cost": {
      "promptAudioSeconds": 0.0000416666666666667,
    },
    "price": {
      "promptAudioSeconds": 0.0000416666666666667,
    },
  },
  "universal-3-pro": {
    "cost": {
      "promptAudioSeconds": 0.0000583333333333333,
    },
    "price": {
      "promptAudioSeconds": 0.0000583333333333333,
    },
  },
  "veo-3.1-fast": {
    "cost": {
      "completionVideoSeconds": 0.15,
    },
    "price": {
      "completionVideoSeconds": 0.15,
    },
  },
  "wan-2.2": {
    "cost": {
      "completionVideoSeconds": 0.01,
    },
    "price": {
      "completionVideoSeconds": 0.01,
    },
  },
  "wan-2.6": {
    "cost": {
      "completionVideoSeconds": 0.1,
    },
    "price": {
      "completionVideoSeconds": 0.1,
    },
  },
  "wan-2.7": {
    "cost": {
      "completionVideoSeconds": 0.1,
    },
    "price": {
      "completionVideoSeconds": 0.1,
    },
  },
  "wan-2.7-1080p": {
    "cost": {
      "completionVideoSeconds": 0.15,
    },
    "price": {
      "completionVideoSeconds": 0.15,
    },
  },
  "wan-2.7-image": {
    "cost": {
      "completionImageTokens": 0.03,
    },
    "price": {
      "completionImageTokens": 0.03,
    },
  },
  "wan-2.7-image-pro": {
    "cost": {
      "completionImageTokens": 0.03,
    },
    "price": {
      "completionImageTokens": 0.03,
    },
  },
  "whisper-large-v3": {
    "cost": {
      "promptAudioSeconds": 0.0000445,
    },
    "price": {
      "promptAudioSeconds": 0.0000445,
    },
  },
  "z-image-turbo": {
    "cost": {
      "completionImageTokens": 0.002,
    },
    "price": {
      "completionImageTokens": 0.002,
    },
  },
}
`;
