// Vitest Snapshot v1, https://vitest.dev/guide/snapshot.html

exports[`effective cost and price per model — snapshot 1`] = `
{
  "acestep": {
    "cost": {
      "completionAudioSeconds": 0.0005,
    },
    "price": {
      "completionAudioSeconds": 0.0005,
    },
  },
  "claude": {
    "cost": {
      "completionTextTokens": 0.000015,
      "promptCacheWriteTokens": 0.00000375,
      "promptCachedTokens": 0.0000003,
      "promptTextTokens": 0.000003,
    },
    "price": {
      "completionTextTokens": 0.000015,
      "promptCacheWriteTokens": 0.00000375,
      "promptCachedTokens": 0.0000003,
      "promptTextTokens": 0.000003,
    },
  },
  "claude-fast": {
    "cost": {
      "completionTextTokens": 0.000005,
      "promptCacheWriteTokens": 0.00000125,
      "promptCachedTokens": 0.0000001,
      "promptTextTokens": 0.000001,
    },
    "price": {
      "completionTextTokens": 0.000005,
      "promptCacheWriteTokens": 0.00000125,
      "promptCachedTokens": 0.0000001,
      "promptTextTokens": 0.000001,
    },
  },
  "claude-large": {
    "cost": {
      "completionTextTokens": 0.000025,
      "promptCacheWriteTokens": 0.00000625,
      "promptCachedTokens": 0.0000005,
      "promptTextTokens": 0.000005,
    },
    "price": {
      "completionTextTokens": 0.000025,
      "promptCacheWriteTokens": 0.00000625,
      "promptCachedTokens": 0.0000005,
      "promptTextTokens": 0.000005,
    },
  },
  "claude-opus-4.6": {
    "cost": {
      "completionTextTokens": 0.000025,
      "promptCacheWriteTokens": 0.00000625,
      "promptCachedTokens": 0.0000005,
      "promptTextTokens": 0.000005,
    },
    "price": {
      "completionTextTokens": 0.000025,
      "promptCacheWriteTokens": 0.00000625,
      "promptCachedTokens": 0.0000005,
      "promptTextTokens": 0.000005,
    },
  },
  "claude-opus-4.7": {
    "cost": {
      "completionTextTokens": 0.000025,
      "promptCacheWriteTokens": 0.00000625,
      "promptCachedTokens": 0.0000005,
      "promptTextTokens": 0.000005,
    },
    "price": {
      "completionTextTokens": 0.000025,
      "promptCacheWriteTokens": 0.00000625,
      "promptCachedTokens": 0.0000005,
      "promptTextTokens": 0.000005,
    },
  },
  "cohere-embed-v4": {
    "cost": {
      "promptTextTokens": 0.00000012,
    },
    "price": {
      "promptTextTokens": 0.00000009,
    },
  },
  "deepseek": {
    "cost": {
      "completionTextTokens": 0.00000028,
      "promptCachedTokens": 0.000000014,
      "promptTextTokens": 0.00000014,
    },
    "price": {
      "completionTextTokens": 0.00000028,
      "promptCachedTokens": 0.000000014,
      "promptTextTokens": 0.00000014,
    },
  },
  "deepseek-pro": {
    "cost": {
      "completionTextTokens": 0.00000348,
      "promptCachedTokens": 0.00000014,
      "promptTextTokens": 0.00000174,
    },
    "price": {
      "completionTextTokens": 0.00000348,
      "promptCachedTokens": 0.00000014,
      "promptTextTokens": 0.00000174,
    },
  },
  "elevenflash": {
    "cost": {
      "completionAudioTokens": 0.000083,
    },
    "price": {
      "completionAudioTokens": 0.000083,
    },
  },
  "elevenlabs": {
    "cost": {
      "completionAudioTokens": 0.000166,
    },
    "price": {
      "completionAudioTokens": 0.000166,
    },
  },
  "elevenmusic": {
    "cost": {
      "completionAudioSeconds": 0.0025,
    },
    "price": {
      "completionAudioSeconds": 0.0025,
    },
  },
  "flux": {
    "cost": {
      "completionImageTokens": 0.0014,
    },
    "price": {
      "completionImageTokens": 0.00175,
    },
  },
  "gemini": {
    "cost": {
      "completionTextTokens": 0.000009,
      "promptAudioTokens": 0.0000015,
      "promptCachedTokens": 0.00000015,
      "promptTextTokens": 0.0000015,
    },
    "price": {
      "completionTextTokens": 0.000009,
      "promptAudioTokens": 0.0000015,
      "promptCachedTokens": 0.00000015,
      "promptTextTokens": 0.0000015,
    },
  },
  "gemini-2": {
    "cost": {
      "promptAudioTokens": 0.0000065,
      "promptImageTokens": 0.00000045,
      "promptTextTokens": 0.0000002,
      "promptVideoTokens": 0.000012,
    },
    "price": {
      "promptAudioTokens": 0.0000065,
      "promptImageTokens": 0.00000045,
      "promptTextTokens": 0.0000002,
      "promptVideoTokens": 0.000012,
    },
  },
  "gemini-3-flash": {
    "cost": {
      "completionTextTokens": 0.000003,
      "promptAudioTokens": 0.000001,
      "promptCachedTokens": 0.00000005,
      "promptTextTokens": 0.0000005,
    },
    "price": {
      "completionTextTokens": 0.000003,
      "promptAudioTokens": 0.000001,
      "promptCachedTokens": 0.00000005,
      "promptTextTokens": 0.0000005,
    },
  },
  "gemini-fast": {
    "cost": {
      "completionTextTokens": 0.0000004,
      "promptAudioTokens": 0.0000003,
      "promptCachedTokens": 0.00000001,
      "promptTextTokens": 0.0000001,
    },
    "price": {
      "completionTextTokens": 0.0000004,
      "promptAudioTokens": 0.0000003,
      "promptCachedTokens": 0.00000001,
      "promptTextTokens": 0.0000001,
    },
  },
  "gemini-flash-lite-3.1": {
    "cost": {
      "completionTextTokens": 0.0000015,
      "promptAudioTokens": 0.0000005,
      "promptCachedTokens": 0.000000025,
      "promptTextTokens": 0.00000025,
    },
    "price": {
      "completionTextTokens": 0.0000015,
      "promptAudioTokens": 0.0000005,
      "promptCachedTokens": 0.000000025,
      "promptTextTokens": 0.00000025,
    },
  },
  "gemini-large": {
    "cost": {
      "completionTextTokens": 0.000012,
      "promptCachedTokens": 0.0000002,
      "promptTextTokens": 0.000002,
    },
    "price": {
      "completionTextTokens": 0.000012,
      "promptCachedTokens": 0.0000002,
      "promptTextTokens": 0.000002,
    },
  },
  "gemini-search": {
    "cost": {
      "completionTextTokens": 0.0000004,
      "promptAudioTokens": 0.0000003,
      "promptCachedTokens": 0.00000001,
      "promptTextTokens": 0.0000001,
    },
    "price": {
      "completionTextTokens": 0.0000004,
      "promptAudioTokens": 0.0000003,
      "promptCachedTokens": 0.00000001,
      "promptTextTokens": 0.0000001,
    },
  },
  "gemini-search-fast": {
    "cost": {
      "completionTextTokens": 0.0000015,
      "promptAudioTokens": 0.0000005,
      "promptCachedTokens": 0.000000025,
      "promptTextTokens": 0.00000025,
    },
    "price": {
      "completionTextTokens": 0.0000015,
      "promptAudioTokens": 0.0000005,
      "promptCachedTokens": 0.000000025,
      "promptTextTokens": 0.00000025,
    },
  },
  "gemini-search-large": {
    "cost": {
      "completionTextTokens": 0.000009,
      "promptAudioTokens": 0.0000015,
      "promptCachedTokens": 0.00000015,
      "promptTextTokens": 0.0000015,
    },
    "price": {
      "completionTextTokens": 0.000009,
      "promptAudioTokens": 0.0000015,
      "promptCachedTokens": 0.00000015,
      "promptTextTokens": 0.0000015,
    },
  },
  "gemma": {
    "cost": {
      "completionTextTokens": 0.00000033,
      "promptTextTokens": 0.00000006,
    },
    "price": {
      "completionTextTokens": 0.00000033,
      "promptTextTokens": 0.00000006,
    },
  },
  "glm": {
    "cost": {
      "completionTextTokens": 0.0000044,
      "promptCachedTokens": 0.00000026,
      "promptTextTokens": 0.0000014,
    },
    "price": {
      "completionTextTokens": 0.0000022,
      "promptCachedTokens": 0.00000013,
      "promptTextTokens": 0.0000007,
    },
  },
  "gpt-5.4": {
    "cost": {
      "completionTextTokens": 0.000015,
      "promptCachedTokens": 0.00000025,
      "promptTextTokens": 0.0000025,
    },
    "price": {
      "completionTextTokens": 0.000015,
      "promptCachedTokens": 0.00000025,
      "promptTextTokens": 0.0000025,
    },
  },
  "gpt-5.4-mini": {
    "cost": {
      "completionTextTokens": 0.0000045,
      "promptCachedTokens": 0.000000075,
      "promptTextTokens": 0.00000075,
    },
    "price": {
      "completionTextTokens": 0.000003375,
      "promptCachedTokens": 0.00000005625,
      "promptTextTokens": 0.0000005625,
    },
  },
  "gpt-image-2": {
    "cost": {
      "completionImageTokens": 0.00003,
      "promptCachedTokens": 0.00000125,
      "promptImageTokens": 0.000008,
      "promptTextTokens": 0.000005,
    },
    "price": {
      "completionImageTokens": 0.00003,
      "promptCachedTokens": 0.00000125,
      "promptImageTokens": 0.000008,
      "promptTextTokens": 0.000005,
    },
  },
  "gpt-realtime-2": {
    "cost": {
      "completionAudioTokens": 0.000064,
      "completionTextTokens": 0.000024,
      "promptAudioTokens": 0.000032,
      "promptCachedTokens": 0.0000004,
      "promptImageTokens": 0.000005,
      "promptTextTokens": 0.000004,
    },
    "price": {
      "completionAudioTokens": 0.000064,
      "completionTextTokens": 0.000024,
      "promptAudioTokens": 0.000032,
      "promptCachedTokens": 0.0000004,
      "promptImageTokens": 0.000005,
      "promptTextTokens": 0.000004,
    },
  },
  "gptimage": {
    "cost": {
      "completionImageTokens": 0.000008,
      "promptCachedTokens": 0.0000002,
      "promptImageTokens": 0.0000025,
      "promptTextTokens": 0.000002,
    },
    "price": {
      "completionImageTokens": 0.000006,
      "promptCachedTokens": 0.00000015,
      "promptImageTokens": 0.000001875,
      "promptTextTokens": 0.0000015,
    },
  },
  "gptimage-large": {
    "cost": {
      "completionImageTokens": 0.000032,
      "completionTextTokens": 0.00001,
      "promptCachedTokens": 0.00000125,
      "promptImageTokens": 0.000008,
      "promptTextTokens": 0.000005,
    },
    "price": {
      "completionImageTokens": 0.000032,
      "completionTextTokens": 0.00001,
      "promptCachedTokens": 0.00000125,
      "promptImageTokens": 0.000008,
      "promptTextTokens": 0.000005,
    },
  },
  "grok": {
    "cost": {
      "completionTextTokens": 0.000006,
      "promptCachedTokens": 0.0000002,
      "promptImageTokens": 0.000002,
      "promptTextTokens": 0.000002,
    },
    "price": {
      "completionTextTokens": 0.000006,
      "promptCachedTokens": 0.0000002,
      "promptImageTokens": 0.000002,
      "promptTextTokens": 0.000002,
    },
  },
  "grok-4-20-reasoning": {
    "cost": {
      "completionTextTokens": 0.000006,
      "promptCachedTokens": 0.0000002,
      "promptImageTokens": 0.000002,
      "promptTextTokens": 0.000002,
    },
    "price": {
      "completionTextTokens": 0.000006,
      "promptCachedTokens": 0.0000002,
      "promptImageTokens": 0.000002,
      "promptTextTokens": 0.000002,
    },
  },
  "grok-imagine": {
    "cost": {
      "completionImageTokens": 0.02,
    },
    "price": {
      "completionImageTokens": 0.02,
    },
  },
  "grok-imagine-pro": {
    "cost": {
      "completionImageTokens": 0.07,
    },
    "price": {
      "completionImageTokens": 0.07,
    },
  },
  "grok-large": {
    "cost": {
      "completionTextTokens": 0.0000025,
      "promptCachedTokens": 0.0000002,
      "promptImageTokens": 0.00000125,
      "promptTextTokens": 0.00000125,
    },
    "price": {
      "completionTextTokens": 0.0000025,
      "promptCachedTokens": 0.0000002,
      "promptImageTokens": 0.00000125,
      "promptTextTokens": 0.00000125,
    },
  },
  "grok-video-pro": {
    "cost": {
      "completionVideoSeconds": 0.05,
    },
    "price": {
      "completionVideoSeconds": 0.05,
    },
  },
  "ideogram-v4-balanced": {
    "cost": {
      "completionImageTokens": 0.06,
    },
    "price": {
      "completionImageTokens": 0.06,
    },
  },
  "ideogram-v4-quality": {
    "cost": {
      "completionImageTokens": 0.1,
    },
    "price": {
      "completionImageTokens": 0.1,
    },
  },
  "ideogram-v4-turbo": {
    "cost": {
      "completionImageTokens": 0.03,
    },
    "price": {
      "completionImageTokens": 0.03,
    },
  },
  "kimi": {
    "cost": {
      "completionTextTokens": 0.000004,
      "promptCachedTokens": 0.00000016,
      "promptTextTokens": 0.00000095,
    },
    "price": {
      "completionTextTokens": 0.000004,
      "promptCachedTokens": 0.00000016,
      "promptTextTokens": 0.00000095,
    },
  },
  "kimi-code": {
    "cost": {
      "completionTextTokens": 0.000004,
      "promptCachedTokens": 0.00000019,
      "promptTextTokens": 0.00000095,
    },
    "price": {
      "completionTextTokens": 0.000004,
      "promptCachedTokens": 0.00000019,
      "promptTextTokens": 0.00000095,
    },
  },
  "klein": {
    "cost": {
      "completionImageTokens": 0.01,
    },
    "price": {
      "completionImageTokens": 0.01,
    },
  },
  "kontext": {
    "cost": {
      "completionImageTokens": 0.04,
    },
    "price": {
      "completionImageTokens": 0.04,
    },
  },
  "llama": {
    "cost": {
      "completionTextTokens": 0.00000071,
      "promptTextTokens": 0.00000071,
    },
    "price": {
      "completionTextTokens": 0.0000005325,
      "promptTextTokens": 0.0000005325,
    },
  },
  "llama-maverick": {
    "cost": {
      "completionTextTokens": 0.000001,
      "promptTextTokens": 0.00000025,
    },
    "price": {
      "completionTextTokens": 0.00000075,
      "promptTextTokens": 0.0000001875,
    },
  },
  "llama-scout": {
    "cost": {
      "completionTextTokens": 0.0000003,
      "promptTextTokens": 0.00000008,
    },
    "price": {
      "completionTextTokens": 0.0000003,
      "promptTextTokens": 0.00000008,
    },
  },
  "ltx-2": {
    "cost": {
      "completionVideoSeconds": 0.005,
    },
    "price": {
      "completionVideoSeconds": 0.005,
    },
  },
  "midijourney": {
    "cost": {
      "completionTextTokens": 0.0000045,
      "promptCachedTokens": 0.000000075,
      "promptTextTokens": 0.00000075,
    },
    "price": {
      "completionTextTokens": 0.000003375,
      "promptCachedTokens": 0.00000005625,
      "promptTextTokens": 0.0000005625,
    },
  },
  "midijourney-large": {
    "cost": {
      "completionTextTokens": 0.00003,
      "promptCachedTokens": 0.0000005,
      "promptTextTokens": 0.000005,
    },
    "price": {
      "completionTextTokens": 0.00003,
      "promptCachedTokens": 0.0000005,
      "promptTextTokens": 0.000005,
    },
  },
  "minimax": {
    "cost": {
      "completionTextTokens": 0.0000012,
      "promptCachedTokens": 0.00000006,
      "promptTextTokens": 0.0000003,
    },
    "price": {
      "completionTextTokens": 0.0000012,
      "promptCachedTokens": 0.00000006,
      "promptTextTokens": 0.0000003,
    },
  },
  "minimax-m2.7": {
    "cost": {
      "completionTextTokens": 0.0000012,
      "promptCachedTokens": 0.00000006,
      "promptTextTokens": 0.0000003,
    },
    "price": {
      "completionTextTokens": 0.0000012,
      "promptCachedTokens": 0.00000006,
      "promptTextTokens": 0.0000003,
    },
  },
  "mistral": {
    "cost": {
      "completionTextTokens": 0.0000006,
      "promptCachedTokens": 0.00000015,
      "promptTextTokens": 0.00000015,
    },
    "price": {
      "completionTextTokens": 0.0000006,
      "promptCachedTokens": 0.00000015,
      "promptTextTokens": 0.00000015,
    },
  },
  "mistral-large": {
    "cost": {
      "completionTextTokens": 0.0000015,
      "promptCachedTokens": 0.00000005,
      "promptTextTokens": 0.0000005,
    },
    "price": {
      "completionTextTokens": 0.000001125,
      "promptCachedTokens": 0.0000000375,
      "promptTextTokens": 0.000000375,
    },
  },
  "mistral-small-3.2": {
    "cost": {
      "completionTextTokens": 0.0000002,
      "promptCachedTokens": 0.000000075,
      "promptTextTokens": 0.000000075,
    },
    "price": {
      "completionTextTokens": 0.0000002,
      "promptCachedTokens": 0.000000075,
      "promptTextTokens": 0.000000075,
    },
  },
  "nanobanana": {
    "cost": {
      "completionImageTokens": 0.00003,
      "promptImageTokens": 0.0000003,
      "promptTextTokens": 0.0000003,
    },
    "price": {
      "completionImageTokens": 0.00003,
      "promptImageTokens": 0.0000003,
      "promptTextTokens": 0.0000003,
    },
  },
  "nanobanana-2": {
    "cost": {
      "completionImageTokens": 0.00006,
      "completionTextTokens": 0.000003,
      "promptImageTokens": 0.0000005,
      "promptTextTokens": 0.0000005,
    },
    "price": {
      "completionImageTokens": 0.00006,
      "completionTextTokens": 0.000003,
      "promptImageTokens": 0.0000005,
      "promptTextTokens": 0.0000005,
    },
  },
  "nanobanana-pro": {
    "cost": {
      "completionImageTokens": 0.00012,
      "completionTextTokens": 0.000012,
      "promptImageTokens": 0.00000125,
      "promptTextTokens": 0.00000125,
    },
    "price": {
      "completionImageTokens": 0.00012,
      "completionTextTokens": 0.000012,
      "promptImageTokens": 0.00000125,
      "promptTextTokens": 0.00000125,
    },
  },
  "nova": {
    "cost": {
      "completionTextTokens": 0.00000275,
      "promptTextTokens": 0.00000033,
    },
    "price": {
      "completionTextTokens": 0.00000275,
      "promptTextTokens": 0.00000033,
    },
  },
  "nova-canvas": {
    "cost": {
      "completionImageTokens": 0.04,
    },
    "price": {
      "completionImageTokens": 0.04,
    },
  },
  "nova-fast": {
    "cost": {
      "completionTextTokens": 0.00000014,
      "promptTextTokens": 0.000000035,
    },
    "price": {
      "completionTextTokens": 0.00000014,
      "promptTextTokens": 0.000000035,
    },
  },
  "nova-reel": {
    "cost": {
      "completionVideoSeconds": 0.08,
    },
    "price": {
      "completionVideoSeconds": 0.08,
    },
  },
  "openai": {
    "cost": {
      "completionTextTokens": 0.00000125,
      "promptCachedTokens": 0.00000002,
      "promptTextTokens": 0.0000002,
    },
    "price": {
      "completionTextTokens": 0.0000009375,
      "promptCachedTokens": 0.000000015,
      "promptTextTokens": 0.00000015,
    },
  },
  "openai-3-large": {
    "cost": {
      "promptTextTokens": 0.00000013,
    },
    "price": {
      "promptTextTokens": 0.00000013,
    },
  },
  "openai-3-small": {
    "cost": {
      "promptTextTokens": 0.00000002,
    },
    "price": {
      "promptTextTokens": 0.00000002,
    },
  },
  "openai-audio": {
    "cost": {
      "completionAudioTokens": 0.00002,
      "completionTextTokens": 0.0000024,
      "promptAudioTokens": 0.00001,
      "promptTextTokens": 0.0000006,
    },
    "price": {
      "completionAudioTokens": 0.00002,
      "completionTextTokens": 0.0000024,
      "promptAudioTokens": 0.00001,
      "promptTextTokens": 0.0000006,
    },
  },
  "openai-audio-large": {
    "cost": {
      "completionAudioTokens": 0.00008,
      "completionTextTokens": 0.00001,
      "promptAudioTokens": 0.00004,
      "promptTextTokens": 0.0000025,
    },
    "price": {
      "completionAudioTokens": 0.00008,
      "completionTextTokens": 0.00001,
      "promptAudioTokens": 0.00004,
      "promptTextTokens": 0.0000025,
    },
  },
  "openai-fast": {
    "cost": {
      "completionTextTokens": 0.0000004,
      "promptCachedTokens": 0.000000005,
      "promptTextTokens": 0.00000005,
    },
    "price": {
      "completionTextTokens": 0.0000003,
      "promptCachedTokens": 0.00000000375,
      "promptTextTokens": 0.0000000375,
    },
  },
  "openai-large": {
    "cost": {
      "completionTextTokens": 0.00003,
      "promptCachedTokens": 0.0000005,
      "promptTextTokens": 0.000005,
    },
    "price": {
      "completionTextTokens": 0.00003,
      "promptCachedTokens": 0.0000005,
      "promptTextTokens": 0.000005,
    },
  },
  "p-image": {
    "cost": {
      "completionImageTokens": 0.005,
    },
    "price": {
      "completionImageTokens": 0.005,
    },
  },
  "p-image-edit": {
    "cost": {
      "completionImageTokens": 0.01,
    },
    "price": {
      "completionImageTokens": 0.01,
    },
  },
  "p-video-1080p": {
    "cost": {
      "completionVideoSeconds": 0.04,
    },
    "price": {
      "completionVideoSeconds": 0.04,
    },
  },
  "p-video-720p": {
    "cost": {
      "completionVideoSeconds": 0.02,
    },
    "price": {
      "completionVideoSeconds": 0.02,
    },
  },
  "perplexity": {
    "cost": {
      "completionTextTokens": 0.000015,
      "promptTextTokens": 0.000003,
    },
    "price": {
      "completionTextTokens": 0.000015,
      "promptTextTokens": 0.000003,
    },
  },
  "perplexity-deep": {
    "cost": {
      "completionTextTokens": 0.000001,
      "promptTextTokens": 0.000001,
    },
    "price": {
      "completionTextTokens": 0.000001,
      "promptTextTokens": 0.000001,
    },
  },
  "perplexity-fast": {
    "cost": {
      "completionTextTokens": 0.000001,
      "promptTextTokens": 0.000001,
    },
    "price": {
      "completionTextTokens": 0.000001,
      "promptTextTokens": 0.000001,
    },
  },
  "perplexity-reasoning": {
    "cost": {
      "completionTextTokens": 0.000008,
      "promptTextTokens": 0.000002,
    },
    "price": {
      "completionTextTokens": 0.000008,
      "promptTextTokens": 0.000002,
    },
  },
  "polly": {
    "cost": {
      "completionTextTokens": 0,
      "promptTextTokens": 0,
    },
    "price": {
      "completionTextTokens": 0,
      "promptTextTokens": 0,
    },
  },
  "qwen-coder": {
    "cost": {
      "completionTextTokens": 0.00000022,
      "promptTextTokens": 0.00000006,
    },
    "price": {
      "completionTextTokens": 0.00000022,
      "promptTextTokens": 0.00000006,
    },
  },
  "qwen-coder-large": {
    "cost": {
      "completionTextTokens": 0.0000008,
      "promptTextTokens": 0.00000011,
    },
    "price": {
      "completionTextTokens": 0.0000008,
      "promptTextTokens": 0.00000011,
    },
  },
  "qwen-image": {
    "cost": {
      "completionImageTokens": 0.03,
    },
    "price": {
      "completionImageTokens": 0.03,
    },
  },
  "qwen-large": {
    "cost": {
      "completionTextTokens": 0.0000016,
      "promptCachedTokens": 0.00000008,
      "promptTextTokens": 0.0000004,
    },
    "price": {
      "completionTextTokens": 0.0000016,
      "promptCachedTokens": 0.00000008,
      "promptTextTokens": 0.0000004,
    },
  },
  "qwen-safety": {
    "cost": {
      "completionTextTokens": 0.00000001,
      "promptTextTokens": 0.00000001,
    },
    "price": {
      "completionTextTokens": 0.00000001,
      "promptTextTokens": 0.00000001,
    },
  },
  "qwen-tts": {
    "cost": {
      "completionAudioTokens": 0.000013,
    },
    "price": {
      "completionAudioTokens": 0.000013,
    },
  },
  "qwen-tts-instruct": {
    "cost": {
      "completionAudioTokens": 0.000013,
    },
    "price": {
      "completionAudioTokens": 0.000013,
    },
  },
  "qwen-vision": {
    "cost": {
      "completionTextTokens": 0.00000052,
      "promptTextTokens": 0.00000013,
    },
    "price": {
      "completionTextTokens": 0.00000052,
      "promptTextTokens": 0.00000013,
    },
  },
  "qwen-vision-pro": {
    "cost": {
      "completionTextTokens": 0.0000026,
      "promptTextTokens": 0.00000026,
    },
    "price": {
      "completionTextTokens": 0.0000026,
      "promptTextTokens": 0.00000026,
    },
  },
  "qwen3-embedding-8b": {
    "cost": {
      "promptTextTokens": 0.0000001,
    },
    "price": {
      "promptTextTokens": 0.0000001,
    },
  },
  "scribe": {
    "cost": {
      "promptAudioSeconds": 0.0000611111111111111,
    },
    "price": {
      "promptAudioSeconds": 0.0000611111111111111,
    },
  },
  "seedance-2.0": {
    "cost": {
      "completionVideoSeconds": 0.18,
    },
    "price": {
      "completionVideoSeconds": 0.18,
    },
  },
  "seedance-pro": {
    "cost": {
      "completionVideoSeconds": 0.025,
    },
    "price": {
      "completionVideoSeconds": 0.025,
    },
  },
  "seedream": {
    "cost": {
      "completionImageTokens": 0.03,
    },
    "price": {
      "completionImageTokens": 0.03,
    },
  },
  "seedream-pro": {
    "cost": {
      "completionImageTokens": 0.04,
    },
    "price": {
      "completionImageTokens": 0.04,
    },
  },
  "seedream5": {
    "cost": {
      "completionImageTokens": 0.035,
    },
    "price": {
      "completionImageTokens": 0.035,
    },
  },
  "stable-audio-2.5": {
    "cost": {
      "completionAudioTokens": 0.2,
    },
    "price": {
      "completionAudioTokens": 0.2,
    },
  },
  "step-3.5-flash": {
    "cost": {
      "completionTextTokens": 0.0000003,
      "promptCachedTokens": 0.00000002,
      "promptTextTokens": 0.00000009,
    },
    "price": {
      "completionTextTokens": 0.0000003,
      "promptCachedTokens": 0.00000002,
      "promptTextTokens": 0.00000009,
    },
  },
  "step-flash": {
    "cost": {
      "completionTextTokens": 0.00000115,
      "promptCachedTokens": 0.00000004,
      "promptTextTokens": 0.0000002,
    },
    "price": {
      "completionTextTokens": 0.00000115,
      "promptCachedTokens": 0.00000004,
      "promptTextTokens": 0.0000002,
    },
  },
  "universal-2": {
    "cost": {
      "promptAudioSeconds": 0.0000416666666666667,
    },
    "price": {
      "promptAudioSeconds": 0.0000416666666666667,
    },
  },
  "universal-3-pro": {
    "cost": {
      "promptAudioSeconds": 0.0000583333333333333,
    },
    "price": {
      "promptAudioSeconds": 0.0000583333333333333,
    },
  },
  "veo": {
    "cost": {
      "completionVideoSeconds": 0.15,
    },
    "price": {
      "completionVideoSeconds": 0.15,
    },
  },
  "wan": {
    "cost": {
      "completionVideoSeconds": 0.1,
    },
    "price": {
      "completionVideoSeconds": 0.1,
    },
  },
  "wan-fast": {
    "cost": {
      "completionVideoSeconds": 0.01,
    },
    "price": {
      "completionVideoSeconds": 0.01,
    },
  },
  "wan-image": {
    "cost": {
      "completionImageTokens": 0.03,
    },
    "price": {
      "completionImageTokens": 0.03,
    },
  },
  "wan-image-pro": {
    "cost": {
      "completionImageTokens": 0.03,
    },
    "price": {
      "completionImageTokens": 0.03,
    },
  },
  "wan-pro": {
    "cost": {
      "completionVideoSeconds": 0.1,
    },
    "price": {
      "completionVideoSeconds": 0.1,
    },
  },
  "wan-pro-1080p": {
    "cost": {
      "completionVideoSeconds": 0.15,
    },
    "price": {
      "completionVideoSeconds": 0.15,
    },
  },
  "whisper": {
    "cost": {
      "promptAudioSeconds": 0.0000445,
    },
    "price": {
      "promptAudioSeconds": 0.0000445,
    },
  },
  "zimage": {
    "cost": {
      "completionImageTokens": 0.002,
    },
    "price": {
      "completionImageTokens": 0.002,
    },
  },
}
`;
